[ 2026-08-11 13:53:51,148 ] INFO | InsightCart | Training Pipeline Started
[ 2026-08-11 13:53:51,148 ] INFO | InsightCart | Data Ingestion Started
[ 2026-08-11 13:53:51,232 ] INFO | InsightCart | Dataset Loaded Successfully
[ 2026-08-11 13:53:51,232 ] INFO | InsightCart | Dataset Shape : (40432, 4)
[ 2026-08-11 13:53:51,232 ] INFO | InsightCart | Dataset Validation Started
[ 2026-08-11 13:53:51,232 ] INFO | InsightCart | All Required Columns Found
[ 2026-08-11 13:53:51,232 ] INFO | InsightCart | Checking Missing Values
[ 2026-08-11 13:53:51,234 ] INFO | InsightCart | 
category    0
rating      0
label       0
text_       0
dtype: int64
[ 2026-08-11 13:53:51,234 ] INFO | InsightCart | Checking Duplicate Records
[ 2026-08-11 13:53:51,267 ] INFO | InsightCart | Duplicate Rows : 12
[ 2026-08-11 13:53:51,267 ] INFO | InsightCart | Checking Target Labels
[ 2026-08-11 13:53:51,268 ] INFO | InsightCart | Labels : ['CG' 'OR']
[ 2026-08-11 13:53:51,268 ] INFO | InsightCart | Dataset Validation Completed
[ 2026-08-11 13:53:51,268 ] INFO | InsightCart | Data Transformation Started
[ 2026-08-11 13:53:51,268 ] INFO | InsightCart | Removing Missing Values
[ 2026-08-11 13:53:51,270 ] INFO | InsightCart | Encoding Target Labels (CG -> 1, OR -> 0)
[ 2026-08-11 13:53:51,272 ] INFO | InsightCart | Cleaning Review Text
[ 2026-08-11 13:53:59,635 ] INFO | InsightCart | Performing Train-Test Split
[ 2026-08-11 13:53:59,644 ] INFO | InsightCart | Generating TF-IDF Features
[ 2026-08-11 13:54:00,905 ] INFO | InsightCart | Object Saved : artifacts/models/tfidf_vectorizer.pkl
[ 2026-08-11 13:54:00,906 ] INFO | InsightCart | TF-IDF Vectorizer Saved Successfully
[ 2026-08-11 13:54:00,906 ] INFO | InsightCart | Encoding Product Categories
[ 2026-08-11 13:54:00,910 ] INFO | InsightCart | Object Saved : artifacts/models/category_encoder.pkl
[ 2026-08-11 13:54:00,910 ] INFO | InsightCart | Category Encoder Saved Successfully
[ 2026-08-11 13:54:00,910 ] INFO | InsightCart | Scaling Rating Feature (0 to 1)
[ 2026-08-11 13:54:00,911 ] INFO | InsightCart | Object Saved : artifacts/models/rating_scaler.pkl
[ 2026-08-11 13:54:00,911 ] INFO | InsightCart | Rating Scaler Saved Successfully
[ 2026-08-11 13:54:00,911 ] INFO | InsightCart | Combining All Features
[ 2026-08-11 13:54:00,915 ] INFO | InsightCart | Training Feature Matrix Shape : (32345, 10011)
[ 2026-08-11 13:54:00,915 ] INFO | InsightCart | Testing Feature Matrix Shape  : (8087, 10011)
[ 2026-08-11 13:54:00,916 ] INFO | InsightCart | Model Trainer Initialized
[ 2026-08-11 13:54:00,916 ] INFO | InsightCart | Model Training Started
[ 2026-08-11 13:54:00,916 ] INFO | InsightCart | Total Models to Evaluate: 7
[ 2026-08-11 13:54:00,916 ] INFO | InsightCart | Training Baseline: Logistic Regression
[ 2026-08-11 13:54:01,118 ] INFO | InsightCart | Training Baseline: Multinomial Naive Bayes
[ 2026-08-11 13:54:01,151 ] INFO | InsightCart | Training Baseline: Decision Tree
[ 2026-08-11 13:54:05,361 ] INFO | InsightCart | Training Baseline: Random Forest
[ 2026-08-11 13:54:09,885 ] INFO | InsightCart | Training Baseline: Linear SVM
[ 2026-08-11 13:54:10,100 ] INFO | InsightCart | Training Baseline: XGBoost
[ 2026-08-11 13:54:15,555 ] INFO | InsightCart | Training Baseline: LightGBM
[ 2026-08-11 13:54:18,138 ] INFO | InsightCart | 
Baseline Models Evaluation:
                     Model  Accuracy  Precision    Recall  F1 Score   ROC AUC  Training Time  Prediction Time
0               Linear SVM  0.901941   0.901037  0.903042  0.902038  0.969193       0.206658         0.001636
1      Logistic Regression  0.896624   0.899377  0.893149  0.896252  0.964573       0.193702         0.001541
2  Multinomial Naive Bayes  0.877210   0.885490  0.866436  0.875859  0.953269       0.023371         0.002750
3            Random Forest  0.868307   0.882973  0.849122  0.865717  0.941491       4.345147         0.083769
4                 LightGBM  0.857920   0.874095  0.836260  0.854759  0.941850       2.520052         0.028973
5                  XGBoost  0.851614   0.871634  0.824635  0.847483  0.933420       5.435623         0.007497
6            Decision Tree  0.752071   0.749144  0.757853  0.753474  0.752072       4.196703         0.004341
[ 2026-08-11 13:54:18,141 ] INFO | InsightCart | Best Baseline Model Selected: Linear SVM
[ 2026-08-11 13:54:18,141 ] INFO | InsightCart | Starting Hyperparameter Tuning for Linear SVM
[ 2026-08-11 13:54:23,388 ] INFO | InsightCart | Grid Search Completed
[ 2026-08-11 13:54:23,388 ] INFO | InsightCart | Best Hyperparameters: {'C': 1, 'loss': 'hinge'}
[ 2026-08-11 13:54:23,388 ] INFO | InsightCart | Starting Model Calibration
[ 2026-08-11 13:54:24,085 ] INFO | InsightCart | Model Calibration Completed
[ 2026-08-11 13:54:24,085 ] INFO | InsightCart | Model Training Completed Successfully
[ 2026-08-11 13:54:24,085 ] INFO | InsightCart | Model Evaluation Started
[ 2026-08-11 13:54:24,085 ] INFO | InsightCart | Generating Predictions on Test Dataset
[ 2026-08-11 13:54:24,106 ] INFO | InsightCart | Evaluation Metrics: {'Accuracy': 0.9020650426610609, 'Precision': 0.9022519178421183, 'Recall': 0.9018055899084838, 'F1 Score': 0.9020286986640277, 'ROC AUC': 0.9695620007765189}
[ 2026-08-11 13:54:24,111 ] INFO | InsightCart | 
Classification Report:
              precision    recall  f1-score   support

           0       0.90      0.90      0.90      4044
           1       0.90      0.90      0.90      4043

    accuracy                           0.90      8087
   macro avg       0.90      0.90      0.90      8087
weighted avg       0.90      0.90      0.90      8087

[ 2026-08-11 13:54:24,111 ] INFO | InsightCart | 
Confusion Matrix:
[[3649  395]
 [ 397 3646]]
[ 2026-08-11 13:54:24,111 ] INFO | InsightCart | Logging Evaluation Results to MLflow
[ 2026-08-11 13:54:31,297 ] INFO | InsightCart | MLflow Experiment Logging Completed
[ 2026-08-11 13:54:31,297 ] INFO | InsightCart | Model Evaluation Completed Successfully
[ 2026-08-11 13:54:31,297 ] INFO | InsightCart | Saving Trained Model
[ 2026-08-11 13:54:31,299 ] INFO | InsightCart | Object Saved : artifacts/models/best_linear_svm_calibrated.pkl
[ 2026-08-11 13:54:31,299 ] INFO | InsightCart | Model Saved Successfully : artifacts/models/best_linear_svm_calibrated.pkl
[ 2026-08-11 13:54:31,299 ] INFO | InsightCart | Pipeline Completed Successfully
[ 2026-08-11 13:54:31,299 ] INFO | InsightCart | Model Saved At : artifacts/models/best_linear_svm_calibrated.pkl
